<html>
<body>
<pre>
<h1>µVision Build Log</h1>
<h2>Tool Versions:</h2>
IDE-Version: ¦ÌVision V5.39.0.0
Copyright (C) 2023 ARM Ltd and ARM Germany GmbH. All rights reserved.
License Information: b Bitch, b, LIC=21E4T-RFEQB-CXUU6-DHI5V-GR970-TWXN3
 
Tool Versions:
Toolchain:       MDK-ARM Plus  Version: 5.39.0.0
Toolchain Path:  C:\Program Files\Keil_v5\ARM\ARMCC\Bin
C Compiler:      Armcc.exe V5.06 update 7 (build 960)
Assembler:       Armasm.exe V5.06 update 7 (build 960)
Linker/Locator:  ArmLink.exe V5.06 update 7 (build 960)
Library Manager: ArmAr.exe V5.06 update 7 (build 960)
Hex Converter:   FromElf.exe V5.06 update 7 (build 960)
CPU DLL:         SARMCM3.DLL V5.39.0.0
Dialog DLL:      DCM.DLL V1.17.5.0
Target DLL:      Segger\JL2CM3.dll V2.99.43.0
Dialog DLL:      TCM.DLL V1.56.4.0
 
<h2>Project:</h2>
C:\Users\Bitch\Desktop\STM32F1_WS2812B\MDK-ARM\STM32F1_WS2812B.uvprojx
Project File Date:  04/03/2024

<h2>Output:</h2>
*** Using Compiler 'V5.06 update 7 (build 960)', folder: 'C:\Program Files\Keil_v5\ARM\ARMCC\Bin'
Rebuild target 'STM32F1_WS2812B'
assembling startup_stm32f103xb.s...
compiling stm32f1xx_hal_gpio_ex.c...
compiling main.c...
compiling dma.c...
compiling stm32f1xx_it.c...
compiling gpio.c...
compiling tim.c...
compiling stm32f1xx_hal.c...
compiling stm32f1xx_hal_rcc_ex.c...
compiling stm32f1xx_hal_cortex.c...
compiling stm32f1xx_hal_gpio.c...
compiling stm32f1xx_hal_dma.c...
compiling stm32f1xx_hal_msp.c...
compiling stm32f1xx_hal_rcc.c...
compiling WS2812B_type2.c...
compiling stm32f1xx_hal_tim_ex.c...
compiling stm32f1xx_hal_tim.c...
compiling stm32f1xx_hal_pwr.c...
compiling system_stm32f1xx.c...
compiling WS2812B.c...
..\Drivers\BSP\Src\WS2812B.c(126): warning:  #177-D: function "rgb_show"  was declared but never referenced
  static void rgb_show(uint32_t Pixel_Len, RGB_Color_TypeDef rgb)
..\Drivers\BSP\Src\WS2812B.c(165): warning:  #177-D: function "rainbow"  was declared but never referenced
  static void rainbow(uint8_t wait)
..\Drivers\BSP\Src\WS2812B.c(195): warning:  #177-D: function "rainbowCycle"  was declared but never referenced
  static void rainbowCycle(uint8_t wait)
..\Drivers\BSP\Src\WS2812B.c: 3 warnings, 0 errors
compiling stm32f1xx_hal_exti.c...
compiling stm32f1xx_hal_flash_ex.c...
compiling stm32f1xx_hal_flash.c...
linking...
Program Size: Code=6030 RO-data=314 RW-data=16 ZI-data=2640  
FromELF: creating hex file...
"STM32F1_WS2812B\STM32F1_WS2812B.axf" - 0 Error(s), 3 Warning(s).

<h2>Software Packages used:</h2>

Package Vendor: ARM
                http://www.keil.com/pack/ARM.CMSIS.5.9.0.pack
                ARM::CMSIS@5.9.0
                CMSIS (Common Microcontroller Software Interface Standard)
   * Component: CORE Version: 5.6.0

Package Vendor: Keil
                http://www.keil.com/pack/Keil.STM32F1xx_DFP.2.4.0.pack
                Keil::STM32F1xx_DFP@2.4.0
                STMicroelectronics STM32F1 Series Device Support, Drivers and Examples

<h2>Collection of Component include folders:</h2>
  ./RTE/_STM32F1_WS2812B
  C:/Users/Bitch/AppData/Local/Arm/Packs/ARM/CMSIS/5.9.0/CMSIS/Core/Include
  C:/Users/Bitch/AppData/Local/Arm/Packs/Keil/STM32F1xx_DFP/2.4.0/Device/Include

<h2>Collection of Component Files used:</h2>

   * Component: ARM::CMSIS:CORE@5.6.0
Build Time Elapsed:  00:00:02
</pre>
</body>
</html>
